// Jest Snapshot v1, https://goo.gl/fbAQLP

exports[`App snapshot renders 1`] = `
<main>
  <h1
    className="mullra__header"
  >
    My Components
  </h1>
  <ul />
  <div
    className="sc-bdVaJa ermwqe"
  >
    <div
      className="sc-bwzfXH fzaLFh"
    >
      <div
        className="sc-htpNat fulzTt"
      />
      <div
        className="sc-htpNat fulzTt"
      />
      <div
        className="sc-htpNat fulzTt"
      />
      <div
        className="sc-htpNat fulzTt"
      />
      <div
        className="sc-htpNat fulzTt"
      />
      <div
        className="sc-htpNat fulzTt"
      />
      <div
        className="sc-htpNat fulzTt"
      />
      <div
        className="sc-htpNat fulzTt"
      />
      <div
        className="sc-htpNat fulzTt"
      />
      <div
        className="sc-htpNat fulzTt"
      />
    </div>
  </div>
</main>
`;
