// Jest Snapshot v1, https://goo.gl/fbAQLP

exports[`App snapshot renders 1`] = `
<main>
  <ul
    className="sc-bdVaJa cPkZj"
  >
    <li>
      Component
    </li>
    <li>
      Component
    </li>
    <li>
      Component
    </li>
    <li>
      Component
    </li>
    <li>
      Component
    </li>
    <li>
      Component
    </li>
    <li>
      Component
    </li>
    <li>
      Component
    </li>
    <li>
      Component
    </li>
    <li>
      Component
    </li>
  </ul>
  <h1
    className="mullra__header"
  >
    My Components
  </h1>
  <ul />
  <div
    className="sc-bwzfXH crNJB"
  >
    <div
      className="sc-htpNat bTqXlc"
    >
      <div
        className="sc-bxivhb ehyJAq"
      />
      <div
        className="sc-bxivhb ehyJAq"
      />
      <div
        className="sc-bxivhb ehyJAq"
      />
      <div
        className="sc-bxivhb ehyJAq"
      />
      <div
        className="sc-bxivhb ehyJAq"
      />
      <div
        className="sc-bxivhb ehyJAq"
      />
      <div
        className="sc-bxivhb ehyJAq"
      />
      <div
        className="sc-bxivhb ehyJAq"
      />
      <div
        className="sc-bxivhb ehyJAq"
      />
      <div
        className="sc-bxivhb ehyJAq"
      />
    </div>
  </div>
</main>
`;
